[INFO] Scanning for projects...
[INFO] ------------------------------------------------------------------------
[INFO] Detecting the operating system and CPU architecture
[INFO] ------------------------------------------------------------------------
[INFO] os.detected.name: windows
[INFO] os.detected.arch: x86_64
[INFO] os.detected.bitness: 64
[INFO] os.detected.version: 10.0
[INFO] os.detected.version.major: 10
[INFO] os.detected.version.minor: 0
[INFO] os.detected.classifier: windows-x86_64
[INFO] 
[INFO] -------------------< com.kab.qershi:profile-service >-------------------
[INFO] Building profile-service 1.0.0-SNAPSHOT
[INFO]   from pom.xml
[INFO] --------------------------------[ jar ]---------------------------------
[INFO] 
[INFO] --- protobuf:0.6.1:compile (default) @ profile-service ---
[INFO] Compiling 1 proto file(s) to C:\Users\HP\Documents\projects\qershi-link\backend\qershi-link\profile-service\target\generated-sources\protobuf\java
[INFO] 
[INFO] --- protobuf:0.6.1:compile-custom (default) @ profile-service ---
[INFO] Compiling 1 proto file(s) to C:\Users\HP\Documents\projects\qershi-link\backend\qershi-link\profile-service\target\generated-sources\protobuf\grpc-java
[INFO] 
[INFO] --- resources:3.3.1:resources (default-resources) @ profile-service ---
[INFO] Copying 1 resource from src\main\resources to target\classes
[INFO] Copying 8 resources from src\main\resources to target\classes
[INFO] Copying 1 resource from src\main\proto to target\classes
[INFO] Copying 1 resource from src\main\proto to target\classes
[INFO] 
[INFO] --- compiler:3.13.0:compile (default-compile) @ profile-service ---
[INFO] Recompiling the module because of changed source code.
[INFO] Compiling 85 source files with javac [debug parameters release 21] to target\classes
[INFO] Annotation processing is enabled because one or more processors were found
  on the class path. A future release of javac may disable annotation processing
  unless at least one processor is specified by name (-processor), or a search
  path is specified (--processor-path, --processor-module-path), or annotation
  processing is enabled explicitly (-proc:only, -proc:full).
  Use -Xlint:-options to suppress this message.
  Use -proc:none to disable annotation processing.
[INFO] -------------------------------------------------------------
[ERROR] COMPILATION ERROR : 
[INFO] -------------------------------------------------------------
[ERROR] /C:/Users/HP/Documents/projects/qershi-link/backend/qershi-link/profile-service/src/main/java/com/kab/qershi/profile/infrastructure/grpc/ProfileGrpcService.java:[72,80] incompatible types: java.util.Optional<com.kab.qershi.profile.domain.model.MemberProfile> cannot be converted to com.kab.qershi.profile.domain.model.MemberProfile
[ERROR] /C:/Users/HP/Documents/projects/qershi-link/backend/qershi-link/profile-service/src/main/java/com/kab/qershi/profile/infrastructure/grpc/ProfileGrpcService.java:[76,44] cannot find symbol
  symbol:   method getPrimaryPhone()
  location: variable profile of type com.kab.qershi.profile.domain.model.MemberProfile
[INFO] 2 errors 
[INFO] -------------------------------------------------------------
[INFO] ------------------------------------------------------------------------
[INFO] BUILD FAILURE
[INFO] ------------------------------------------------------------------------
[INFO] Total time:  14.641 s
[INFO] Finished at: 2026-08-14T16:34:03+03:00
[INFO] ------------------------------------------------------------------------
[ERROR] Failed to execute goal org.apache.maven.plugins:maven-compiler-plugin:3.13.0:compile (default-compile) on project profile-service: Compilation failure: Compilation failure: 
[ERROR] /C:/Users/HP/Documents/projects/qershi-link/backend/qershi-link/profile-service/src/main/java/com/kab/qershi/profile/infrastructure/grpc/ProfileGrpcService.java:[72,80] incompatible types: java.util.Optional<com.kab.qershi.profile.domain.model.MemberProfile> cannot be converted to com.kab.qershi.profile.domain.model.MemberProfile
[ERROR] /C:/Users/HP/Documents/projects/qershi-link/backend/qershi-link/profile-service/src/main/java/com/kab/qershi/profile/infrastructure/grpc/ProfileGrpcService.java:[76,44] cannot find symbol
[ERROR]   symbol:   method getPrimaryPhone()
[ERROR]   location: variable profile of type com.kab.qershi.profile.domain.model.MemberProfile
[ERROR] -> [Help 1]
[ERROR] 
[ERROR] To see the full stack trace of the errors, re-run Maven with the -e switch.
[ERROR] Re-run Maven using the -X switch to enable full debug logging.
[ERROR] 
[ERROR] For more information about the errors and possible solutions, please read the following articles:
[ERROR] [Help 1] http://cwiki.apache.org/confluence/display/MAVEN/MojoFailureException
